
> foodvault@0.1.0 build
> next build

npm : ΓÜá Invalid next.config.ts options detected: 
At C:\Users\64272\AppData\Local\Temp\ps-script-ff2652f8-f6dd-4f91-a870-91423eb32d3a.ps1:107 char:1
+ npm run build 2>&1 | Tee-Object -FilePath build-output.txt
+ ~~~~~~~~~~~~~~~~~~
    + CategoryInfo          : NotSpecified: (ΓÜá Invalid nex...ions detected: :String) [], RemoteException
    + FullyQualifiedErrorId : NativeCommandError
 
ΓÜá     Unrecognized key(s) in object: 'serverActions'
ΓÜá See more info here: https://nextjs.org/docs/messages/invalid-next-config
Γû▓ Next.js 16.2.9 (Turbopack)
- Environments: .env.local

ΓÜá The "middleware" file convention is deprecated. Please use "proxy" instead. Learn more: 
https://nextjs.org/docs/messages/middleware-to-proxy
  Creating an optimized production build ...
Γ£ô Compiled successfully in 13.3s
  Running TypeScript ...
Failed to type check.

./next.config.ts:5:3
Type error: Object literal may only specify known properties, and 'serverActions' does not exist in type 'NextConfig'.

  [90m3 |[0m [36mconst[0m nextConfig: [33mNextConfig[0m = {
  [90m4 |[0m   [90m// Brand reports: up to 5 attachments ├ù 10 MB (+ multipart overhead).[0m
[31m[1m>[0m [90m5 |[0m   serverActions: {
  [90m  |[0m   [31m[1m^[0m
  [90m6 |[0m     bodySizeLimit: [32m"52mb"[0m,
  [90m7 |[0m   },
  [90m8 |[0m   images: {
Next.js build worker exited with code: 1 and signal: null
